 PR#   Status      Step           Elapsed   Title
────────────────────────────────────────────────────────────────────────────────────────────────────
▸ 101   ○ queued  —              —         feat: change 1
  102   ○ queued  —              —         feat: change 2
  103   ○ queued  —              —         feat: change 3

 0 running | 0 done | 0 failed | 3 queued
 ↑↓ navigate  ⏎ detail  q quit
